// Jest Snapshot v1, https://goo.gl/fbAQLP

exports[`mutation routeMiddleware koa happy path 1`] = `
Object {
  "error": [Function],
  "info": [Function],
}
`;
